// Jest Snapshot v1, https://goo.gl/fbAQLP

exports[`render render dumb component 1`] = `
ShallowWrapper {
  "complexSelector": ComplexSelector {
    "buildPredicate": [Function],
    "childrenOfNode": [Function],
    "findWhereUnwrapped": [Function],
  },
  "length": 1,
  "node": <Item>
    <Grid
        columns={2}
        relaxed={true}
    >
        <GridColumn>
            <Link
                onlyActiveOnIndex={false}
                style={Object {}}
                to="/posts/5"
            >
                <Image
                    as="img"
                    floated="left"
                    ui={true}
                />
                <ItemHeader>
                    <Title
                        title="Some title"
                    />
                </ItemHeader>
            </Link>
            <TextBox
                text="You can add some text"
            />
            <Meta
                meta={
                    Object {
                        "author": Object {
                          "firstName": "Anonymous",
                          "lastName": "Anonymous",
                        },
                        "likeCount": 0,
                        "postDates": Object {
                          "createdAt": "undefined",
                          "updatedAt": "undefined",
                        },
                      }
                }
                postLiked={undefined}
            />
        </GridColumn>
        <GridColumn>
            <Title
                title="Comments:"
            />
            <CommentList
                comments={Array []}
            />
        </GridColumn>
    </Grid>
    <ReduxForm
        form="addComment-5"
        postId={5}
    />
</Item>,
  "nodes": Array [
    <Item>
      <Grid
            columns={2}
            relaxed={true}
      >
            <GridColumn>
                  <Link
                        onlyActiveOnIndex={false}
                        style={Object {}}
                        to="/posts/5"
                  >
                        <Image
                              as="img"
                              floated="left"
                              ui={true}
                        />
                        <ItemHeader>
                              <Title
                                    title="Some title"
                              />
                        </ItemHeader>
                  </Link>
                  <TextBox
                        text="You can add some text"
                  />
                  <Meta
                        meta={
                              Object {
                                    "author": Object {
                                      "firstName": "Anonymous",
                                      "lastName": "Anonymous",
                                    },
                                    "likeCount": 0,
                                    "postDates": Object {
                                      "createdAt": "undefined",
                                      "updatedAt": "undefined",
                                    },
                                  }
                        }
                        postLiked={undefined}
                  />
            </GridColumn>
            <GridColumn>
                  <Title
                        title="Comments:"
                  />
                  <CommentList
                        comments={Array []}
                  />
            </GridColumn>
      </Grid>
      <ReduxForm
            form="addComment-5"
            postId={5}
      />
</Item>,
  ],
  "options": Object {},
  "renderer": ReactShallowRenderer {
    "_instance":  {
      "_calledComponentWillUnmount": false,
      "_compositeType": 2,
      "_context": Object {},
      "_currentElement": <BlogItem
        comments={Array []}
        item={
                Object {
                        "id": 5,
                        "title": "Some title",
                      }
        }
/>,
      "_debugID": 1,
      "_hostContainerInfo": null,
      "_hostParent": null,
      "_instance": StatelessComponent {
        "_reactInternalInstance": [Circular],
        "context": Object {},
        "props": Object {
          "comments": Array [],
          "item": Object {
            "id": 5,
            "title": "Some title",
          },
        },
        "refs": Object {},
        "state": null,
        "updater": Object {
          "enqueueCallback": [Function],
          "enqueueCallbackInternal": [Function],
          "enqueueElementInternal": [Function],
          "enqueueForceUpdate": [Function],
          "enqueueReplaceState": [Function],
          "enqueueSetState": [Function],
          "isMounted": [Function],
          "validateCallback": [Function],
        },
      },
      "_mountOrder": 1,
      "_pendingCallbacks": null,
      "_pendingElement": null,
      "_pendingForceUpdate": false,
      "_pendingReplaceState": false,
      "_pendingStateQueue": null,
      "_renderedComponent": NoopInternalComponent {
        "_currentElement": <Item>
          <Grid
                    columns={2}
                    relaxed={true}
          >
                    <GridColumn>
                              <Link
                                        onlyActiveOnIndex={false}
                                        style={Object {}}
                                        to="/posts/5"
                              >
                                        <Image
                                                  as="img"
                                                  floated="left"
                                                  ui={true}
                                        />
                                        <ItemHeader>
                                                  <Title
                                                            title="Some title"
                                                  />
                                        </ItemHeader>
                              </Link>
                              <TextBox
                                        text="You can add some text"
                              />
                              <Meta
                                        meta={
                                                  Object {
                                                            "author": Object {
                                                              "firstName": "Anonymous",
                                                              "lastName": "Anonymous",
                                                            },
                                                            "likeCount": 0,
                                                            "postDates": Object {
                                                              "createdAt": "undefined",
                                                              "updatedAt": "undefined",
                                                            },
                                                          }
                                        }
                                        postLiked={undefined}
                              />
                    </GridColumn>
                    <GridColumn>
                              <Title
                                        title="Comments:"
                              />
                              <CommentList
                                        comments={Array []}
                              />
                    </GridColumn>
          </Grid>
          <ReduxForm
                    form="addComment-5"
                    postId={5}
          />
</Item>,
        "_debugID": 2,
        "_renderedOutput": <Item>
          <Grid
                    columns={2}
                    relaxed={true}
          >
                    <GridColumn>
                              <Link
                                        onlyActiveOnIndex={false}
                                        style={Object {}}
                                        to="/posts/5"
                              >
                                        <Image
                                                  as="img"
                                                  floated="left"
                                                  ui={true}
                                        />
                                        <ItemHeader>
                                                  <Title
                                                            title="Some title"
                                                  />
                                        </ItemHeader>
                              </Link>
                              <TextBox
                                        text="You can add some text"
                              />
                              <Meta
                                        meta={
                                                  Object {
                                                            "author": Object {
                                                              "firstName": "Anonymous",
                                                              "lastName": "Anonymous",
                                                            },
                                                            "likeCount": 0,
                                                            "postDates": Object {
                                                              "createdAt": "undefined",
                                                              "updatedAt": "undefined",
                                                            },
                                                          }
                                        }
                                        postLiked={undefined}
                              />
                    </GridColumn>
                    <GridColumn>
                              <Title
                                        title="Comments:"
                              />
                              <CommentList
                                        comments={Array []}
                              />
                    </GridColumn>
          </Grid>
          <ReduxForm
                    form="addComment-5"
                    postId={5}
          />
</Item>,
      },
      "_renderedNodeType": 1,
      "_rootNodeID": 0,
      "_topLevelWrapper": null,
      "_updateBatchNumber": null,
      "_warnedAboutRefsInRender": false,
    },
    "getRenderOutput": [Function],
    "render": [Function],
  },
  "root": [Circular],
  "unrendered": <BlogItem
    comments={Array []}
    item={
        Object {
            "id": 5,
            "title": "Some title",
          }
    }
/>,
}
`;
